// Jest Snapshot v1, https://goo.gl/fbAQLP

exports[`CZK payment QR code generation test 1`] = `"data:image/png;base64,iVBORw0KGgoAAAANSUhEUgAAALQAAAC0CAYAAAA9zQYyAAAAAklEQVR4AewaftIAAAeJSURBVO3BQW4ky5LAQDKg+1+Z00tfJZCokub9gJvZP6x1icNaFzmsdZHDWhc5rHWRw1oXOax1kcNaFzmsdZHDWhc5rHWRw1oXOax1kcNaFzmsdZHDWhf54UMqf6niicpUMalMFZPKJyomlaniicpU8UTlmyomlb9U8YnDWhc5rHWRw1oX+eHLKr5J5YnKE5VPVEwqv6niicqTikllqphU3qj4JpVvOqx1kcNaFzmsdZEffpnKGxVvVEwqU8WkMqk8UZkq3qiYVKaKNyomlUnljYpPqLxR8ZsOa13ksNZFDmtd5IfLqUwVk8pfqphUPlExqbyhMlX8LzusdZHDWhc5rHWRH/7HqTypmFSmik+oTBWTyicqnqh8ouImh7UucljrIoe1LvLDL6v4TRVvVEwqb1RMFZPKVDGpTBVPVJ5UTCp/qeK/5LDWRQ5rXeSw1kV++DKVv6QyVUwqU8WTiknlicpUMalMFZPKVPGkYlKZKiaVJypTxROV/7LDWhc5rHWRw1oXsX+4iMqTiknlScUbKp+o+E0qU8VNDmtd5LDWRQ5rXcT+4QMqU8WkMlVMKlPFpDJVfELlScWk8kbFpDJVfJPKN1W8oTJVPFGZKr7psNZFDmtd5LDWRewf/pDKk4pPqDypeEPlN1VMKlPFpPKk4onKVPFE5UnFpDJVTCpPKj5xWOsih7UucljrIvYPH1CZKiaVqeINlaniDZUnFZPKJyq+SeWbKiaVqeI3qUwV33RY6yKHtS5yWOsi9g8fUPlExV9SeaPiicqTikllqphUnlRMKk8qJpU3Kp6oTBVPVKaKbzqsdZHDWhc5rHUR+4cPqEwVk8pUMalMFZPKGxWTylQxqXyi4onKVPEJlScVb6hMFZPKVPGGyhsVnzisdZHDWhc5rHWRHz5UMam8UfGkYlJ5ojJV/JepvFExqbyhMlVMKlPFE5UnFX/psNZFDmtd5LDWRX74soonKk8qJpWpYlKZKiaVNyo+oTJVvFExqbyhMlU8UZkqnqg8qZhUnlR802GtixzWushhrYvYP/yHqEwVk8pU8YbKJyo+oTJVTCrfVDGpTBWTyjdV/KXDWhc5rHWRw1oXsX/4IpUnFU9UnlRMKlPFE5UnFZPKk4pPqEwVk8pUMak8qXiiMlU8UZkqJpUnFb/psNZFDmtd5LDWRX74YypvVLyh8qTiN6lMFZPKJ1SmiknlicpUMalMFVPFGxV/6bDWRQ5rXeSw1kV++LKKSeVJxaQyqbxRMam8ofKk4v9TxaQyVUwqT1TeUHlS8UTlScUnDmtd5LDWRQ5rXcT+4QMqU8WkMlVMKk8q3lCZKp6oPKmYVKaKJypTxaTyiYpJZap4ovKbKiaVqeKbDmtd5LDWRQ5rXeSHD1VMKlPFpPKGylTxCZU3VKaKSWWqmComlScVk8pUMam8ofJGxaQyVUwqTyomlaniE4e1LnJY6yKHtS7yw5dVTCpPKn6TylTxCZWpYlJ5o+JJxaTypGJSeaPiScWkMlX8fzqsdZHDWhc5rHUR+4f/EJUnFb9J5Y2KJypTxROVqeKJypOKJypTxaQyVTxReVLxmw5rXeSw1kUOa13khw+pPKmYVKaKqeKJylTxhspU8UbFpPKGylQxVfwmlTcq3qiYVJ6oTBWfOKx1kcNaFzmsdZEfPlQxqUwqU8WkMlVMKn+pYlJ5o2JS+SaV36TypOK/7LDWRQ5rXeSw1kV++LKKNyqeVEwqT1SeVEwqb6j8JpWpYqr4RMWk8gmVqeKNim86rHWRw1oXOax1kR8+pDJVTCpTxaQyVUwqU8Wk8obKVDGpfFPFGxWTyhsV31QxqUwVk8pUMak8qfjEYa2LHNa6yGGti/zwoYpJZaqYVKaKJxWTyhsVT1SeVDxReUNlqphUpopJ5Q2VqeINlaliUpkq/j8d1rrIYa2LHNa6iP3DB1SmiicqTyomlaniDZWp4onKGxWTypOKN1SeVLyh8pcqJpUnFZ84rHWRw1oXOax1EfuH/2EqU8UbKlPFpPKk4onKk4pJZar4TSpTxRsqTyqeqEwVnzisdZHDWhc5rHWRHz6k8pcqpopJ5UnFE5UnFZPKk4pJ5UnFpDJVTCpTxTepTBVvqPylw1oXOax1kcNaF/nhyyq+SeUTFZPKGxWTylTxTSpvVEwqU8UnKj5R8ZcOa13ksNZFDmtd5IdfpvJGxRsqU8U3qfwmlaliUplU3lB5Q+UvqUwVnzisdZHDWhc5rHWRH/7HVUwq31QxqTxRmSreUHlSMalMFU9UpoonKlPFJ1Smim86rHWRw1oXOax1kR/+x6lMFZPKVPFEZVKZKp5UTCpvVEwqk8oTlScVk8obKlPFpPKkYlKZKj5xWOsih7UucljrIj/8sorfVPEJlaniicpUMalMFU9UJpWpYlJ5UvFE5UnFpPJGxROV33RY6yKHtS5yWOsiP3yZyl9SeVLxhspUMVVMKk9U3qiYVD6hMlX8f6qYVL7psNZFDmtd5LDWRewf1rrEYa2LHNa6yGGtixzWushhrYsc1rrIYa2LHNa6yGGtixzWushhrYsc1rrIYa2LHNa6yGGti/wfUZ3njolYwk8AAAAASUVORK5CYII="`;
